Microsoft Windows [version 10.0.17134.765]
(c) 2018 Microsoft Corporation. Tous droits réservés.

C:\wamp64\www\Le_musée_du_LouvreP4>php bin/console make:controller

 Choose a name for your controller class (e.g. FierceChefController):
 > billet

 created: src/Controller/BilletController.php
 created: templates/billet/index.html.twig


  Success!


 Next: Open your new controller class and add some pages!

C:\wamp64\www\Le_musée_du_LouvreP4>php bin/console doctrine:database:create
Could not create database `billet` for connection named default
An exception occurred while executing 'CREATE DATABASE `billet`':

SQLSTATE[HY000]: General error: 1007 Ne peut créer la base 'billet'; elle existe déjà

C:\wamp64\www\Le_musée_du_LouvreP4>php bin/console doctrine:database:create
Could not create database `billet` for connection named default
An exception occurred while executing 'CREATE DATABASE `billet`':

SQLSTATE[HY000]: General error: 1007 Ne peut créer la base 'billet'; elle existe déjà

C:\wamp64\www\Le_musée_du_LouvreP4>php bin/console doctrine:database:create
Created database `musee` for connection named default

C:\wamp64\www\Le_musée_du_LouvreP4>php bin/console make:entity

 Class name of the entity to create or update (e.g. OrangeGnome):
 > ChoixBillet

 created: src/Entity/ChoixBillet.php
 created: src/Repository/ChoixBilletRepository.php

 Entity generated! Now let's add some fields!
 You can always add more fields later manually or by re-running this command.

 New property name (press <return> to stop adding fields):
 > dateVisite

 Field type (enter ? to see all types) [string]:
 > date

 Can this field be null in the database (nullable) (yes/no) [no]:
 >

 updated: src/Entity/ChoixBillet.php

 Add another property? Enter the property name (or press <return> to stop adding fields):
 > type

 Field type (enter ? to see all types) [string]:
 > boolean

 Can this field be null in the database (nullable) (yes/no) [no]:
 >

 updated: src/Entity/ChoixBillet.php

 Add another property? Enter the property name (or press <return> to stop adding fields):
 > nombre

 Field type (enter ? to see all types) [string]:
 > integer

 Can this field be null in the database (nullable) (yes/no) [no]:
 >

 updated: src/Entity/ChoixBillet.php

 Add another property? Enter the property name (or press <return> to stop adding fields):
 >



  Success!


 Next: When you're ready, create a migration with make:migration






 C:\wamp64\www\Le_musée_du_LouvreP4>php bin/console make:migration


  Success!


 Next: Review the new migration "src/Migrations/Version20190516122632.php"
 Then: Run the migration with php bin/console doctrine:migrations:migrate
 See https://symfony.com/doc/current/bundles/DoctrineMigrationsBundle/index.html




 C:\wamp64\www\Le_musée_du_LouvreP4>php bin/console doctrine:migrations:migrate    c'est pour passer d'une BDD ou il y a rien à une BDD modifier avec les nll données




 C:\wamp64\www\Le_musée_du_LouvreP4>php bin/console doctrine:migrations:migrate

                    Application Migrations


WARNING! You are about to execute a database migration that could result in schema changes and data loss. Are you sure you wish to continue? (y/n)y
Migrating up to 20190516122632 from 0

  ++ migrating 20190516122632

     -> CREATE TABLE choix_billet (id INT AUTO_INCREMENT NOT NULL, date_visite DATE NOT NULL, type TINYINT(1) NOT NULL, nombre INT NOT NULL, PRIMARY KEY(id)) DEFAULT CHARACTER SET utf8mb4 COLLATE utf8mb4_unicode_ci ENGINE = InnoDB

  ++ migrated (took 221.2ms, used 16M memory)

  ------------------------

  ++ finished in 232.2ms
  ++ used 16M memory
  ++ 1 migrations executed
  ++ 1 sql queries